ff
ff
ff
ff
ff
ff
ff
ff
55
55
55
55
55
01
00
00
00
00
00
00
00
00
00
00
00
00
00
00
00
00
00
00
55
55
55
55
55
fd
ff
ff
ff
ff
ff
ff
ff
ff
ff
ff
ff
ff
ff
ff
ff
ff
ff
ff
55
55
55
55
55
01
00
00
00
00
00
00
00
00
00
00
00
00
00
00
00
00
00
00
55
55
55
55
55
fd
ff
ff
ff
ff
ff
ff
ff
ff
ff
ff
ff
ff
ff
ff
ff
ff
ff
ff
55
55
55
55
55
01
00
00
00
00
00
00
00
00
00
00
00
00
00
00
00
00
00
00
55
55
55
55
55
fd
ff
ff
ff
ff
ff
ff
ff
ff
ff
ff
ff
ff
ff
ff
ff
ff
ff
ff
55
55
55
55
55
01
00
00
00
00
00
00
00
00
00
00
00
00
00
00
00
00
00
00
55
55
55
55
55
fd
ff
ff
ff
ff
ff
ff
ff
ff
ff
ff
ff
ff
ff
ff
ff
ff
ff
ff
55
55
55
55
55
01
00
00
00
00
00
00
00
00
00
00
00
00
00
00
00
00
00
00
55
55
55
55
55
fd
ff
ff
ff
ff
ff
ff
ff
ff
ff
ff
ff
ff
ff
ff
ff
ff
ff
ff
55
55
55
55
55
01
00
00
00
00
00
00
00
00
00
00
00
00
00
00
00
00
00
00
55
55
55
55
55
fd
ff
ff
ff
ff
ff
ff
ff
ff
ff
ff
ff
ff
ff
ff
ff
ff
ff
ff
55
55
55
55
55
01
00
00
00
00
00
00
00
00
00
00
00
00
00
00
00
00
00
00
55
55
55
55
55
fd
ff
ff
ff
ff
ff
ff
ff
ff
ff
ff
ff
ff
5f
55
55
fd
ff
ff
ff
ff
ff
ff
ff
ff
ff
ff
ff
ff
ff
ff
ff
ff
ff
ff
55
55
55
55
55
01
00
00
00
00
00
00
00
00
00
00
00
00
00
00
00
00
00
00
