ff
ff
ff
ff
ff
ff
ff
57
55
55
00
00
00
00
00
00
00
00
00
54
55
55
ff
ff
ff
ff
ff
ff
ff
ff
ff
57
55
55
00
00
00
00
00
00
00
00
00
54
55
55
ff
ff
ff
ff
ff
ff
ff
ff
ff
57
55
55
00
00
00
00
00
00
00
00
00
54
55
55
ff
ff
ff
ff
ff
ff
ff
ff
ff
57
55
55
00
00
00
00
00
00
00
00
00
54
55
55
ff
ff
ff
ff
ff
ff
ff
ff
ff
57
55
55
00
00
00
00
00
00
00
00
00
54
55
55
ff
ff
ff
ff
ff
ff
ff
ff
ff
57
55
55
00
00
00
00
00
00
00
00
00
54
55
55
ff
ff
ff
ff
ff
ff
ff
ff
ff
57
55
55
00
00
00
00
00
00
00
00
00
54
55
55
ff
ff
ff
ff
ff
ff
ff
ff
ff
57
55
55
00
00
00
00
00
00
00
00
00
54
55
55
ff
ff
ff
ff
ff
ff
ff
ff
ff
57
55
55
00
00
00
00
00
00
00
00
00
54
55
55
ff
ff
ff
ff
ff
ff
ff
ff
ff
57
55
55
00
00
00
00
00
00
00
00
00
54
55
55
ff
ff
ff
ff
ff
ff
ff
ff
ff
57
55
55
00
00
00
00
00
00
00
00
00
54
55
55
ff
ff
ff
ff
ff
ff
ff
ff
ff
57
55
55
00
00
00
00
00
00
00
00
00
54
55
55
ff
ff
ff
ff
ff
ff
ff
ff
ff
57
55
55
00
00
00
00
00
00
00
00
00
54
55
55
ff
ff
ff
ff
ff
ff
ff
ff
ff
57
55
55
00
00
00
00
00
00
00
00
00
54
55
55
ff
ff
ff
ff
ff
ff
ff
ff
ff
57
55
55
00
00
00
00
00
00
00
00
00
54
55
55
ff
ff
ff
ff
ff
ff
ff
ff
ff
57
55
55
00
00
00
00
00
00
00
00
00
54
55
55
ff
ff
