ff
ff
ff
ff
ff
ff
ff
ff
ff
ff
ff
ff
ff
ff
ff
ff
ff
ff
7f
55
55
55
55
55
00
00
00
00
00
00
00
00
00
00
00
00
00
00
00
00
00
00
40
55
55
55
55
55
ff
ff
ff
ff
ff
ff
ff
ff
ff
ff
ff
ff
ff
ff
ff
ff
ff
ff
7f
55
55
55
55
55
00
00
00
00
00
00
00
00
00
00
00
00
00
00
00
00
00
00
40
55
55
55
55
55
ff
ff
ff
ff
ff
ff
ff
ff
ff
ff
ff
ff
ff
ff
ff
ff
ff
ff
7f
55
55
55
55
55
00
00
00
00
00
00
00
00
00
00
00
00
00
00
00
00
00
00
40
55
55
55
55
55
ff
ff
ff
ff
ff
ff
ff
ff
ff
ff
ff
ff
ff
5f
55
55
ff
ff
ff
ff
ff
ff
ff
ff
ff
ff
ff
ff
ff
ff
ff
ff
ff
ff
7f
55
55
55
55
55
00
00
00
00
00
00
00
00
00
00
00
00
00
00
00
00
00
00
40
55
55
55
55
55
ff
ff
ff
ff
ff
ff
ff
ff
ff
ff
ff
ff
ff
ff
ff
ff
ff
ff
7f
55
55
55
55
55
00
00
00
00
00
00
00
00
00
00
00
00
00
00
00
00
00
00
40
55
55
55
55
55
ff
ff
ff
ff
ff
ff
ff
ff
ff
ff
ff
ff
ff
ff
ff
ff
ff
ff
7f
55
55
55
55
55
00
00
00
00
00
00
00
00
00
00
00
00
00
00
00
00
00
00
40
55
55
55
55
55
ff
ff
ff
ff
ff
ff
ff
ff
ff
ff
ff
ff
ff
ff
ff
ff
ff
ff
7f
55
55
55
55
55
00
00
00
00
00
00
00
00
00
00
00
00
00
00
00
00
00
00
40
55
55
55
55
55
ff
ff
ff
ff
ff
ff
ff
ff
ff
ff
ff
ff
ff
ff
ff
ff
ff
ff
7f
55
55
55
55
55
00
00
00
00
00
00
00
00
